// Jest Snapshot v1, https://goo.gl/fbAQLP

exports[`MemberContainer should match the snapshot 1`] = `
<div>
  <div>
    <Link
      replace={false}
      style={
        Object {
          "textDecoration": "none",
        }
      }
      to="/"
    >
      <h1
        className="container-title"
      >
        Your Congressmen
      </h1>
      <h1
        className="card-container"
        onClick={null}
      >
        <Connect(MemberCard)
          congressmen={
            Object {
              "id": 1,
              "name": "Ted",
              "nextElection": "2018",
              "party": "D",
              "selected": false,
              "title": "Representative",
            }
          }
          key="4c39c315-8996-4442-b7c3-b04e7e757949"
        />
        <Connect(MemberCard)
          congressmen={
            Object {
              "id": 2,
              "name": "Jan",
              "nextElection": "2018",
              "party": "R",
              "selected": false,
              "title": "Representative",
            }
          }
          key="92a358b9-4abf-4f21-8792-38c7b59e3354"
        />
      </h1>
    </Link>
  </div>
</div>
`;
