// Jest Snapshot v1, https://goo.gl/fbAQLP

exports[`MemberContainer should match the snapshot 1`] = `
<div>
  <div>
    <Link
      replace={false}
      style={
        Object {
          "textDecoration": "none",
        }
      }
      to="/"
    >
      <h1
        className="container-title"
      >
        Your Congressmen
      </h1>
      <h1
        className="card-container"
        onClick={null}
      >
        <Connect(MemberCard)
          congressmen={
            Object {
              "id": 1,
              "name": "Ted",
              "nextElection": "2018",
              "party": "D",
              "selected": false,
              "title": "Representative",
            }
          }
          key="78a80769-416b-433b-a11d-31324fcebeaf"
        />
        <Connect(MemberCard)
          congressmen={
            Object {
              "id": 2,
              "name": "Jan",
              "nextElection": "2018",
              "party": "R",
              "selected": false,
              "title": "Representative",
            }
          }
          key="4902b0fb-9b52-4925-88b7-d1c0e979b63a"
        />
      </h1>
    </Link>
  </div>
</div>
`;
