// Jest Snapshot v1, https://goo.gl/fbAQLP

exports[`MemberContainer should match the snapshot 1`] = `
<div>
  <div>
    <Link
      replace={false}
      style={
        Object {
          "textDecoration": "none",
        }
      }
      to="/"
    >
      <h1
        className="container-title"
      >
        Your Congressmen
      </h1>
      <h1
        className="card-container"
        onClick={[Function]}
      >
        <Connect(MemberCard)
          congressmen={
            Object {
              "id": 1,
              "name": "Ted",
              "nextElection": "2018",
              "party": "D",
              "selected": false,
              "title": "Representative",
            }
          }
          key="d78e579d-5d43-44aa-b8ea-1cd1640e76d5"
        />
        <Connect(MemberCard)
          congressmen={
            Object {
              "id": 2,
              "name": "Jan",
              "nextElection": "2018",
              "party": "R",
              "selected": false,
              "title": "Representative",
            }
          }
          key="80d5ed38-6c58-4fd2-9943-0aeae636fefd"
        />
      </h1>
    </Link>
  </div>
</div>
`;
