// Jest Snapshot v1, https://goo.gl/fbAQLP

exports[`SenateContainer should match the snapshot 1`] = `
<div>
  <div>
    <Link
      replace={false}
      style={
        Object {
          "textDecoration": "none",
        }
      }
      to="/senators"
    >
      <h1
        className="container-title"
      >
        Your Senators
      </h1>
      <h1
        className="card-container"
      >
        <Connect(SenateCard)
          key="3b5a0a03-daa9-44e2-8bc0-203e64a4f494"
          senator={
            Object {
              "id": 2,
              "name": "Bob",
              "nextElection": "2020",
              "party": "R",
              "selected": false,
              "title": "Senator",
            }
          }
        />
        <Connect(SenateCard)
          key="77727ae2-85d2-40b5-a39c-3ee7970c9cd2"
          senator={
            Object {
              "id": 2,
              "name": "Jan",
              "nextElection": "2018",
              "party": "R",
              "selected": false,
              "title": "Senator",
            }
          }
        />
      </h1>
    </Link>
  </div>
</div>
`;
