// Jest Snapshot v1, https://goo.gl/fbAQLP

exports[`SenateContainer should match the snapshot 1`] = `
<div>
  <div>
    <Link
      replace={false}
      style={
        Object {
          "textDecoration": "none",
        }
      }
      to="/senators"
    >
      <h1
        className="container-title"
      >
        Your Senators
      </h1>
      <h1
        className="card-container"
      >
        <Connect(SenateCard)
          key="e36cd378-6e1f-40c6-9003-2044eee28b82"
          senator={
            Object {
              "id": 2,
              "name": "Bob",
              "nextElection": "2020",
              "party": "R",
              "selected": false,
              "title": "Senator",
            }
          }
        />
        <Connect(SenateCard)
          key="1fa52845-47f5-444e-b63a-878ddf85b0e5"
          senator={
            Object {
              "id": 2,
              "name": "Jan",
              "nextElection": "2018",
              "party": "R",
              "selected": false,
              "title": "Senator",
            }
          }
        />
      </h1>
    </Link>
  </div>
</div>
`;
