// Jest Snapshot v1, https://goo.gl/fbAQLP

exports[`SenateContainer should match the snapshot 1`] = `
<div>
  <div>
    <h1
      className="container-title"
    >
      Your Senators
    </h1>
    <h1
      className="card-container"
    >
      <Connect(SenateCard)
        key="3e0f74b1-52e2-43f5-9c21-f8c161daba24"
        senator={
          Object {
            "id": 2,
            "name": "Bob",
            "nextElection": "2020",
            "party": "R",
            "selected": false,
            "title": "Senator",
          }
        }
      />
      <Connect(SenateCard)
        key="e4857287-97b8-44ab-9cf4-4cd9b8bb105c"
        senator={
          Object {
            "id": 2,
            "name": "Jan",
            "nextElection": "2018",
            "party": "R",
            "selected": false,
            "title": "Senator",
          }
        }
      />
    </h1>
  </div>
</div>
`;
