// Jest Snapshot v1, https://goo.gl/fbAQLP

exports[`APP should match the snapshot 1`] = `
<div
  className="App"
>
  <Header />
  <Switch>
    <Route
      exact={true}
      path="/"
      render={[Function]}
    />
    <Route
      exact={true}
      path="/senators"
      render={[Function]}
    />
    <Route
      exact={true}
      path="/compareCongress"
      render={[Function]}
    />
    <Route
      exact={true}
      path="/compareSenate"
      render={[Function]}
    />
    <Route
      component={[Function]}
      exact={true}
      path="*"
    />
  </Switch>
</div>
`;
