// Jest Snapshot v1, https://goo.gl/fbAQLP

exports[`MemberContainer should match the snapshot 1`] = `
<div>
  <div>
    <h1
      className="container-title"
    >
      Your Congressmen
    </h1>
    <h1
      className="card-container"
    >
      <Connect(MemberCard)
        congressmen={
          Object {
            "id": 1,
            "name": "Ted",
            "nextElection": "2018",
            "party": "D",
            "selected": false,
            "title": "Representative",
          }
        }
        key="8627f7d8-9d8d-49e8-b34e-9b220dd9a920"
      />
      <Connect(MemberCard)
        congressmen={
          Object {
            "id": 2,
            "name": "Jan",
            "nextElection": "2018",
            "party": "R",
            "selected": false,
            "title": "Representative",
          }
        }
        key="f1f1f9be-fe5f-4ddd-8989-f68bec4427bf"
      />
    </h1>
  </div>
</div>
`;
