// Jest Snapshot v1, https://goo.gl/fbAQLP

exports[`MemberContainer should match the snapshot 1`] = `
<div>
  <div>
    <Link
      replace={false}
      style={
        Object {
          "textDecoration": "none",
        }
      }
      to="/"
    >
      <h1
        className="container-title"
      >
        Your Congressmen
      </h1>
      <h1
        className="card-container"
        onClick={[Function]}
      >
        <Connect(MemberCard)
          congressmen={
            Object {
              "id": 1,
              "name": "Ted",
              "nextElection": "2018",
              "party": "D",
              "selected": false,
              "title": "Representative",
            }
          }
          key="ac98ef98-a939-4203-a7e2-800ef557a9ba"
        />
        <Connect(MemberCard)
          congressmen={
            Object {
              "id": 2,
              "name": "Jan",
              "nextElection": "2018",
              "party": "R",
              "selected": false,
              "title": "Representative",
            }
          }
          key="bf553ffd-477d-44c2-9228-8cf21b7c5142"
        />
      </h1>
    </Link>
  </div>
</div>
`;
