// Jest Snapshot v1, https://goo.gl/fbAQLP

exports[`MemberContainer should match the snapshot 1`] = `
<div>
  <div>
    <Link
      replace={false}
      style={
        Object {
          "textDecoration": "none",
        }
      }
      to="/"
    >
      <h1
        className="container-title"
      >
        Your Congressmen
      </h1>
      <h1
        className="card-container"
        onClick={[Function]}
      >
        <Connect(MemberCard)
          congressmen={
            Object {
              "id": 1,
              "name": "Ted",
              "nextElection": "2018",
              "party": "D",
              "selected": false,
              "title": "Representative",
            }
          }
          key="7a1268ab-bfce-4442-a065-8f1d5ab956f9"
        />
        <Connect(MemberCard)
          congressmen={
            Object {
              "id": 2,
              "name": "Jan",
              "nextElection": "2018",
              "party": "R",
              "selected": false,
              "title": "Representative",
            }
          }
          key="64fc1c32-e177-43dd-ac7a-dd36bb548896"
        />
      </h1>
    </Link>
  </div>
</div>
`;
