// Jest Snapshot v1, https://goo.gl/fbAQLP

exports[`MemberBillsCard should match the snapshot 1`] = `
<div
  className="bills-container"
>
  <h1
    className="committee"
  >
    Committee: 
  </h1>
  <h2
    className="bill-title"
  >
    Title: 
    Bill title
  </h2>
  <a
    className="url"
    href="www.gov.com"
  >
    Click here for more info
  </a>
</div>
`;
